Archive member included to satisfy reference by file (symbol)

e:/programs/stm32cubeide_1.10.1/stm32cubeide/plugins/com.st.stm32cube.ide.mcu.externaltools.gnu-tools-for-stm32.10.3-2021.10.win32_1.0.0.202111181127/tools/bin/../lib/gcc/arm-none-eabi/10.3.1/../../../../arm-none-eabi/lib/thumb/v7-m/nofp\libc_nano.a(lib_a-errno.o)
                              ./Core/Src/syscalls.o (__errno)
e:/programs/stm32cubeide_1.10.1/stm32cubeide/plugins/com.st.stm32cube.ide.mcu.externaltools.gnu-tools-for-stm32.10.3-2021.10.win32_1.0.0.202111181127/tools/bin/../lib/gcc/arm-none-eabi/10.3.1/../../../../arm-none-eabi/lib/thumb/v7-m/nofp\libc_nano.a(lib_a-exit.o)
                              e:/programs/stm32cubeide_1.10.1/stm32cubeide/plugins/com.st.stm32cube.ide.mcu.externaltools.gnu-tools-for-stm32.10.3-2021.10.win32_1.0.0.202111181127/tools/bin/../lib/gcc/arm-none-eabi/10.3.1/../../../../arm-none-eabi/lib/thumb/v7-m/nofp/crt0.o (exit)
e:/programs/stm32cubeide_1.10.1/stm32cubeide/plugins/com.st.stm32cube.ide.mcu.externaltools.gnu-tools-for-stm32.10.3-2021.10.win32_1.0.0.202111181127/tools/bin/../lib/gcc/arm-none-eabi/10.3.1/../../../../arm-none-eabi/lib/thumb/v7-m/nofp\libc_nano.a(lib_a-impure.o)
                              e:/programs/stm32cubeide_1.10.1/stm32cubeide/plugins/com.st.stm32cube.ide.mcu.externaltools.gnu-tools-for-stm32.10.3-2021.10.win32_1.0.0.202111181127/tools/bin/../lib/gcc/arm-none-eabi/10.3.1/../../../../arm-none-eabi/lib/thumb/v7-m/nofp\libc_nano.a(lib_a-exit.o) (_global_impure_ptr)
e:/programs/stm32cubeide_1.10.1/stm32cubeide/plugins/com.st.stm32cube.ide.mcu.externaltools.gnu-tools-for-stm32.10.3-2021.10.win32_1.0.0.202111181127/tools/bin/../lib/gcc/arm-none-eabi/10.3.1/../../../../arm-none-eabi/lib/thumb/v7-m/nofp\libc_nano.a(lib_a-init.o)
                              e:/programs/stm32cubeide_1.10.1/stm32cubeide/plugins/com.st.stm32cube.ide.mcu.externaltools.gnu-tools-for-stm32.10.3-2021.10.win32_1.0.0.202111181127/tools/bin/../lib/gcc/arm-none-eabi/10.3.1/../../../../arm-none-eabi/lib/thumb/v7-m/nofp/crt0.o (__libc_init_array)
e:/programs/stm32cubeide_1.10.1/stm32cubeide/plugins/com.st.stm32cube.ide.mcu.externaltools.gnu-tools-for-stm32.10.3-2021.10.win32_1.0.0.202111181127/tools/bin/../lib/gcc/arm-none-eabi/10.3.1/../../../../arm-none-eabi/lib/thumb/v7-m/nofp\libc_nano.a(lib_a-memset.o)
                              e:/programs/stm32cubeide_1.10.1/stm32cubeide/plugins/com.st.stm32cube.ide.mcu.externaltools.gnu-tools-for-stm32.10.3-2021.10.win32_1.0.0.202111181127/tools/bin/../lib/gcc/arm-none-eabi/10.3.1/../../../../arm-none-eabi/lib/thumb/v7-m/nofp/crt0.o (memset)
e:/programs/stm32cubeide_1.10.1/stm32cubeide/plugins/com.st.stm32cube.ide.mcu.externaltools.gnu-tools-for-stm32.10.3-2021.10.win32_1.0.0.202111181127/tools/bin/../lib/gcc/arm-none-eabi/10.3.1/../../../../arm-none-eabi/lib/thumb/v7-m/nofp\libc_nano.a(lib_a-strlen.o)
                              ./Core/Src/main.o (strlen)

Discarded input sections

 .text          0x0000000000000000        0x0 e:/programs/stm32cubeide_1.10.1/stm32cubeide/plugins/com.st.stm32cube.ide.mcu.externaltools.gnu-tools-for-stm32.10.3-2021.10.win32_1.0.0.202111181127/tools/bin/../lib/gcc/arm-none-eabi/10.3.1/thumb/v7-m/nofp/crti.o
 .data          0x0000000000000000        0x0 e:/programs/stm32cubeide_1.10.1/stm32cubeide/plugins/com.st.stm32cube.ide.mcu.externaltools.gnu-tools-for-stm32.10.3-2021.10.win32_1.0.0.202111181127/tools/bin/../lib/gcc/arm-none-eabi/10.3.1/thumb/v7-m/nofp/crti.o
 .bss           0x0000000000000000        0x0 e:/programs/stm32cubeide_1.10.1/stm32cubeide/plugins/com.st.stm32cube.ide.mcu.externaltools.gnu-tools-for-stm32.10.3-2021.10.win32_1.0.0.202111181127/tools/bin/../lib/gcc/arm-none-eabi/10.3.1/thumb/v7-m/nofp/crti.o
 .data          0x0000000000000000        0x4 e:/programs/stm32cubeide_1.10.1/stm32cubeide/plugins/com.st.stm32cube.ide.mcu.externaltools.gnu-tools-for-stm32.10.3-2021.10.win32_1.0.0.202111181127/tools/bin/../lib/gcc/arm-none-eabi/10.3.1/thumb/v7-m/nofp/crtbegin.o
 .rodata        0x0000000000000000       0x24 e:/programs/stm32cubeide_1.10.1/stm32cubeide/plugins/com.st.stm32cube.ide.mcu.externaltools.gnu-tools-for-stm32.10.3-2021.10.win32_1.0.0.202111181127/tools/bin/../lib/gcc/arm-none-eabi/10.3.1/thumb/v7-m/nofp/crtbegin.o
 .text          0x0000000000000000       0x7c e:/programs/stm32cubeide_1.10.1/stm32cubeide/plugins/com.st.stm32cube.ide.mcu.externaltools.gnu-tools-for-stm32.10.3-2021.10.win32_1.0.0.202111181127/tools/bin/../lib/gcc/arm-none-eabi/10.3.1/../../../../arm-none-eabi/lib/thumb/v7-m/nofp/crt0.o
 .data          0x0000000000000000        0x0 e:/programs/stm32cubeide_1.10.1/stm32cubeide/plugins/com.st.stm32cube.ide.mcu.externaltools.gnu-tools-for-stm32.10.3-2021.10.win32_1.0.0.202111181127/tools/bin/../lib/gcc/arm-none-eabi/10.3.1/../../../../arm-none-eabi/lib/thumb/v7-m/nofp/crt0.o
[...]
Memory Configuration

Name             Origin             Length             Attributes
RAM              0x0000000020000000 0x0000000000005000 xrw
FLASH            0x0000000008000000 0x0000000000010000 xr
*default*        0x0000000000000000 0xffffffffffffffff

Linker script and memory map

LOAD e:/programs/stm32cubeide_1.10.1/stm32cubeide/plugins/com.st.stm32cube.ide.mcu.externaltools.gnu-tools-for-stm32.10.3-2021.10.win32_1.0.0.202111181127/tools/bin/../lib/gcc/arm-none-eabi/10.3.1/thumb/v7-m/nofp/crti.o
LOAD e:/programs/stm32cubeide_1.10.1/stm32cubeide/plugins/com.st.stm32cube.ide.mcu.externaltools.gnu-tools-for-stm32.10.3-2021.10.win32_1.0.0.202111181127/tools/bin/../lib/gcc/arm-none-eabi/10.3.1/thumb/v7-m/nofp/crtbegin.o
LOAD e:/programs/stm32cubeide_1.10.1/stm32cubeide/plugins/com.st.stm32cube.ide.mcu.externaltools.gnu-tools-for-stm32.10.3-2021.10.win32_1.0.0.202111181127/tools/bin/../lib/gcc/arm-none-eabi/10.3.1/../../../../arm-none-eabi/lib/thumb/v7-m/nofp/crt0.o
LOAD ./Core/Src/fatfs_sd.o
LOAD ./Core/Src/main.o
LOAD ./Core/Src/stm32f1xx_hal_msp.o
LOAD ./Core/Src/stm32f1xx_it.o
LOAD ./Core/Src/syscalls.o
LOAD ./Core/Src/sysmem.o
LOAD ./Core/Src/system_stm32f1xx.o
LOAD ./Core/Startup/startup_stm32f103c8tx.o
LOAD ./Drivers/STM32F1xx_HAL_Driver/stm32f1xx_hal.o
LOAD ./Drivers/STM32F1xx_HAL_Driver/stm32f1xx_hal_cortex.o
LOAD ./Drivers/STM32F1xx_HAL_Driver/stm32f1xx_hal_dma.o
LOAD ./Drivers/STM32F1xx_HAL_Driver/stm32f1xx_hal_exti.o
LOAD ./Drivers/STM32F1xx_HAL_Driver/stm32f1xx_hal_flash.o
LOAD ./Drivers/STM32F1xx_HAL_Driver/stm32f1xx_hal_flash_ex.o
LOAD ./Drivers/STM32F1xx_HAL_Driver/stm32f1xx_hal_gpio.o
LOAD ./Drivers/STM32F1xx_HAL_Driver/stm32f1xx_hal_gpio_ex.o
LOAD ./Drivers/STM32F1xx_HAL_Driver/stm32f1xx_hal_pwr.o
LOAD ./Drivers/STM32F1xx_HAL_Driver/stm32f1xx_hal_rcc.o
LOAD ./Drivers/STM32F1xx_HAL_Driver/stm32f1xx_hal_rcc_ex.o
LOAD ./Drivers/STM32F1xx_HAL_Driver/stm32f1xx_hal_spi.o
LOAD ./Drivers/STM32F1xx_HAL_Driver/stm32f1xx_hal_tim.o
LOAD ./Drivers/STM32F1xx_HAL_Driver/stm32f1xx_hal_tim_ex.o
LOAD ./Drivers/STM32F1xx_HAL_Driver/stm32f1xx_hal_uart.o
LOAD ./FATFS/App/fatfs.o
LOAD ./FATFS/Target/user_diskio.o
LOAD ./Middlewares/FatFs/ccsbcs.o
LOAD ./Middlewares/FatFs/diskio.o
LOAD ./Middlewares/FatFs/ff.o
LOAD ./Middlewares/FatFs/ff_gen_drv.o
LOAD ./Middlewares/FatFs/syscall.o
START GROUP
LOAD e:/programs/stm32cubeide_1.10.1/stm32cubeide/plugins/com.st.stm32cube.ide.mcu.externaltools.gnu-tools-for-stm32.10.3-2021.10.win32_1.0.0.202111181127/tools/bin/../lib/gcc/arm-none-eabi/10.3.1/../../../../arm-none-eabi/lib/thumb/v7-m/nofp\libc_nano.a
LOAD e:/programs/stm32cubeide_1.10.1/stm32cubeide/plugins/com.st.stm32cube.ide.mcu.externaltools.gnu-tools-for-stm32.10.3-2021.10.win32_1.0.0.202111181127/tools/bin/../lib/gcc/arm-none-eabi/10.3.1/../../../../arm-none-eabi/lib/thumb/v7-m/nofp\libm.a
END GROUP
START GROUP
LOAD e:/programs/stm32cubeide_1.10.1/stm32cubeide/plugins/com.st.stm32cube.ide.mcu.externaltools.gnu-tools-for-stm32.10.3-2021.10.win32_1.0.0.202111181127/tools/bin/../lib/gcc/arm-none-eabi/10.3.1/thumb/v7-m/nofp\libgcc.a
LOAD e:/programs/stm32cubeide_1.10.1/stm32cubeide/plugins/com.st.stm32cube.ide.mcu.externaltools.gnu-tools-for-stm32.10.3-2021.10.win32_1.0.0.202111181127/tools/bin/../lib/gcc/arm-none-eabi/10.3.1/../../../../arm-none-eabi/lib/thumb/v7-m/nofp\libc_nano.a
END GROUP
START GROUP
LOAD e:/programs/stm32cubeide_1.10.1/stm32cubeide/plugins/com.st.stm32cube.ide.mcu.externaltools.gnu-tools-for-stm32.10.3-2021.10.win32_1.0.0.202111181127/tools/bin/../lib/gcc/arm-none-eabi/10.3.1/thumb/v7-m/nofp\libgcc.a
LOAD e:/programs/stm32cubeide_1.10.1/stm32cubeide/plugins/com.st.stm32cube.ide.mcu.externaltools.gnu-tools-for-stm32.10.3-2021.10.win32_1.0.0.202111181127/tools/bin/../lib/gcc/arm-none-eabi/10.3.1/../../../../arm-none-eabi/lib/thumb/v7-m/nofp\libc_nano.a
LOAD e:/programs/stm32cubeide_1.10.1/stm32cubeide/plugins/com.st.stm32cube.ide.mcu.externaltools.gnu-tools-for-stm32.10.3-2021.10.win32_1.0.0.202111181127/tools/bin/../lib/gcc/arm-none-eabi/10.3.1/../../../../arm-none-eabi/lib/thumb/v7-m/nofp\libnosys.a
END GROUP
START GROUP
LOAD e:/programs/stm32cubeide_1.10.1/stm32cubeide/plugins/com.st.stm32cube.ide.mcu.externaltools.gnu-tools-for-stm32.10.3-2021.10.win32_1.0.0.202111181127/tools/bin/../lib/gcc/arm-none-eabi/10.3.1/thumb/v7-m/nofp\libgcc.a
LOAD e:/programs/stm32cubeide_1.10.1/stm32cubeide/plugins/com.st.stm32cube.ide.mcu.externaltools.gnu-tools-for-stm32.10.3-2021.10.win32_1.0.0.202111181127/tools/bin/../lib/gcc/arm-none-eabi/10.3.1/../../../../arm-none-eabi/lib/thumb/v7-m/nofp\libc_nano.a
LOAD e:/programs/stm32cubeide_1.10.1/stm32cubeide/plugins/com.st.stm32cube.ide.mcu.externaltools.gnu-tools-for-stm32.10.3-2021.10.win32_1.0.0.202111181127/tools/bin/../lib/gcc/arm-none-eabi/10.3.1/../../../../arm-none-eabi/lib/thumb/v7-m/nofp\libnosys.a
END GROUP
LOAD e:/programs/stm32cubeide_1.10.1/stm32cubeide/plugins/com.st.stm32cube.ide.mcu.externaltools.gnu-tools-for-stm32.10.3-2021.10.win32_1.0.0.202111181127/tools/bin/../lib/gcc/arm-none-eabi/10.3.1/thumb/v7-m/nofp/crtend.o
LOAD e:/programs/stm32cubeide_1.10.1/stm32cubeide/plugins/com.st.stm32cube.ide.mcu.externaltools.gnu-tools-for-stm32.10.3-2021.10.win32_1.0.0.202111181127/tools/bin/../lib/gcc/arm-none-eabi/10.3.1/thumb/v7-m/nofp/crtn.o
                0x0000000020005000                _estack = (ORIGIN (RAM) + LENGTH (RAM))
                0x0000000000000200                _Min_Heap_Size = 0x200
                0x0000000000000400                _Min_Stack_Size = 0x400

.isr_vector     0x0000000008000000      0x10c
                0x0000000008000000                . = ALIGN (0x4)
 *(.isr_vector)
 .isr_vector    0x0000000008000000      0x10c ./Core/Startup/startup_stm32f103c8tx.o
                0x0000000008000000                g_pfnVectors
                0x000000000800010c                . = ALIGN (0x4)

.text           0x000000000800010c     0x6968
                0x000000000800010c                . = ALIGN (0x4)
 *(.text)
 .text          0x000000000800010c       0x40 e:/programs/stm32cubeide_1.10.1/stm32cubeide/plugins/com.st.stm32cube.ide.mcu.externaltools.gnu-tools-for-stm32.10.3-2021.10.win32_1.0.0.202111181127/tools/bin/../lib/gcc/arm-none-eabi/10.3.1/thumb/v7-m/nofp/crtbegin.o
 .text          0x000000000800014c       0x10 e:/programs/stm32cubeide_1.10.1/stm32cubeide/plugins/com.st.stm32cube.ide.mcu.externaltools.gnu-tools-for-stm32.10.3-2021.10.win32_1.0.0.202111181127/tools/bin/../lib/gcc/arm-none-eabi/10.3.1/../../../../arm-none-eabi/lib/thumb/v7-m/nofp\libc_nano.a(lib_a-strlen.o)
                0x000000000800014c                strlen
 *(.text*)
 .text.SELECT   0x000000000800015c       0x18 ./Core/Src/fatfs_sd.o
 .text.DESELECT
                0x0000000008000174       0x18 ./Core/Src/fatfs_sd.o
 .text.SPI_TxByte
                0x000000000800018c       0x34 ./Core/Src/fatfs_sd.o
 .text.SPI_RxByte
                0x00000000080001c0       0x3c ./Core/Src/fatfs_sd.o
 .text.SPI_RxBytePtr
                0x00000000080001fc       0x1c ./Core/Src/fatfs_sd.o
 .text.SD_ReadyWait
                0x0000000008000218       0x38 ./Core/Src/fatfs_sd.o
 .text.SD_PowerOn
                0x0000000008000250       0x98 ./Core/Src/fatfs_sd.o
 .text.SD_PowerOff
                0x00000000080002e8       0x18 ./Core/Src/fatfs_sd.o
 .text.SD_CheckPower
                0x0000000008000300       0x14 ./Core/Src/fatfs_sd.o
 .text.SD_RxDataBlock
                0x0000000008000314       0x6c ./Core/Src/fatfs_sd.o
 .text.SD_TxDataBlock
                0x0000000008000380       0xa8 ./Core/Src/fatfs_sd.o
 .text.SD_SendCmd
                0x0000000008000428       0xa4 ./Core/Src/fatfs_sd.o
 .text.SD_disk_initialize
                0x00000000080004cc      0x1d4 ./Core/Src/fatfs_sd.o
                0x00000000080004cc                SD_disk_initialize
 .text.SD_disk_status
                0x00000000080006a0       0x28 ./Core/Src/fatfs_sd.o
                0x00000000080006a0                SD_disk_status
 .text.SD_disk_read
                0x00000000080006c8       0xd4 ./Core/Src/fatfs_sd.o
                0x00000000080006c8                SD_disk_read
 .text.SD_disk_write
                0x000000000800079c      0x108 ./Core/Src/fatfs_sd.o
                0x000000000800079c                SD_disk_write
 .text.SD_disk_ioctl
                0x00000000080008a4      0x264 ./Core/Src/fatfs_sd.o
                0x00000000080008a4                SD_disk_ioctl
 .text.send_uart
                0x0000000008000b08       0x30 ./Core/Src/main.o
                0x0000000008000b08                send_uart
 .text.bufclear
                0x0000000008000b38       0x34 ./Core/Src/main.o
                0x0000000008000b38                bufclear
 .text.main     0x0000000008000b6c      0x100 ./Core/Src/main.o
                0x0000000008000b6c                main
 .text.SystemClock_Config
                0x0000000008000c6c       0x8a ./Core/Src/main.o
                0x0000000008000c6c                SystemClock_Config
 *fill*         0x0000000008000cf6        0x2 
 .text.MX_SPI1_Init
                0x0000000008000cf8       0x6c ./Core/Src/main.o
 .text.MX_USART2_UART_Init
                0x0000000008000d64       0x54 ./Core/Src/main.o
 .text.MX_USART3_UART_Init
                0x0000000008000db8       0x54 ./Core/Src/main.o
 .text.MX_GPIO_Init
                0x0000000008000e0c       0xf8 ./Core/Src/main.o
 .text.Error_Handler
                0x0000000008000f04        0xa ./Core/Src/main.o
                0x0000000008000f04                Error_Handler
 *fill*         0x0000000008000f0e        0x2 
 .text.HAL_MspInit
                0x0000000008000f10       0x64 ./Core/Src/stm32f1xx_hal_msp.o
                0x0000000008000f10                HAL_MspInit
 .text.HAL_SPI_MspInit
                0x0000000008000f74       0x94 ./Core/Src/stm32f1xx_hal_msp.o
                0x0000000008000f74                HAL_SPI_MspInit
 .text.HAL_UART_MspInit
                0x0000000008001008      0x10c ./Core/Src/stm32f1xx_hal_msp.o
                0x0000000008001008                HAL_UART_MspInit
 .text.SDTimer_Handler
                0x0000000008001114       0x44 ./Core/Src/stm32f1xx_it.o
                0x0000000008001114                SDTimer_Handler
 .text.NMI_Handler
                0x0000000008001158        0x6 ./Core/Src/stm32f1xx_it.o
                0x0000000008001158                NMI_Handler
 .text.HardFault_Handler
                0x000000000800115e        0x6 ./Core/Src/stm32f1xx_it.o
                0x000000000800115e                HardFault_Handler
 .text.MemManage_Handler
                0x0000000008001164        0x6 ./Core/Src/stm32f1xx_it.o
                0x0000000008001164                MemManage_Handler
 .text.BusFault_Handler
                0x000000000800116a        0x6 ./Core/Src/stm32f1xx_it.o
                0x000000000800116a                BusFault_Handler
 .text.UsageFault_Handler
                0x0000000008001170        0x6 ./Core/Src/stm32f1xx_it.o
                0x0000000008001170                UsageFault_Handler
 .text.SVC_Handler
                0x0000000008001176        0xc ./Core/Src/stm32f1xx_it.o
                0x0000000008001176                SVC_Handler
 .text.DebugMon_Handler
                0x0000000008001182        0xc ./Core/Src/stm32f1xx_it.o
                0x0000000008001182                DebugMon_Handler
 .text.PendSV_Handler
                0x000000000800118e        0xc ./Core/Src/stm32f1xx_it.o
                0x000000000800118e                PendSV_Handler
 *fill*         0x000000000800119a        0x2 
 .text.SysTick_Handler
                0x000000000800119c       0x34 ./Core/Src/stm32f1xx_it.o
                0x000000000800119c                SysTick_Handler
 .text.SystemInit
                0x00000000080011d0        0xc ./Core/Src/system_stm32f1xx.o
                0x00000000080011d0                SystemInit
 .text.Reset_Handler
                0x00000000080011dc       0x48 ./Core/Startup/startup_stm32f103c8tx.o
                0x00000000080011dc                Reset_Handler
 .text.Default_Handler
                0x0000000008001224        0x2 ./Core/Startup/startup_stm32f103c8tx.o
                0x0000000008001224                RTC_Alarm_IRQHandler
                0x0000000008001224                EXTI2_IRQHandler
                0x0000000008001224                TIM1_CC_IRQHandler
                0x0000000008001224                PVD_IRQHandler
                0x0000000008001224                EXTI3_IRQHandler
                0x0000000008001224                EXTI0_IRQHandler
                0x0000000008001224                I2C2_EV_IRQHandler
                0x0000000008001224                ADC1_2_IRQHandler
                0x0000000008001224                SPI1_IRQHandler
                0x0000000008001224                TAMPER_IRQHandler
                0x0000000008001224                DMA1_Channel4_IRQHandler
                0x0000000008001224                USART3_IRQHandler
                0x0000000008001224                RTC_IRQHandler
                0x0000000008001224                DMA1_Channel7_IRQHandler
                0x0000000008001224                CAN1_RX1_IRQHandler
                0x0000000008001224                TIM4_IRQHandler
                0x0000000008001224                I2C1_EV_IRQHandler
                0x0000000008001224                DMA1_Channel6_IRQHandler
                0x0000000008001224                TIM3_IRQHandler
                0x0000000008001224                RCC_IRQHandler
                0x0000000008001224                TIM1_TRG_COM_IRQHandler
                0x0000000008001224                DMA1_Channel1_IRQHandler
                0x0000000008001224                Default_Handler
                0x0000000008001224                EXTI15_10_IRQHandler
                0x0000000008001224                EXTI9_5_IRQHandler
                0x0000000008001224                SPI2_IRQHandler
                0x0000000008001224                DMA1_Channel5_IRQHandler
                0x0000000008001224                EXTI4_IRQHandler
                0x0000000008001224                USB_LP_CAN1_RX0_IRQHandler
                0x0000000008001224                USB_HP_CAN1_TX_IRQHandler
                0x0000000008001224                DMA1_Channel3_IRQHandler
                0x0000000008001224                TIM1_UP_IRQHandler
                0x0000000008001224                WWDG_IRQHandler
                0x0000000008001224                TIM2_IRQHandler
                0x0000000008001224                TIM1_BRK_IRQHandler
                0x0000000008001224                EXTI1_IRQHandler
                0x0000000008001224                USART2_IRQHandler
                0x0000000008001224                I2C2_ER_IRQHandler
                0x0000000008001224                DMA1_Channel2_IRQHandler
                0x0000000008001224                CAN1_SCE_IRQHandler
                0x0000000008001224                FLASH_IRQHandler
                0x0000000008001224                USART1_IRQHandler
                0x0000000008001224                I2C1_ER_IRQHandler
                0x0000000008001224                USBWakeUp_IRQHandler
 *fill*         0x0000000008001226        0x2 
 .text.HAL_Init
                0x0000000008001228       0x2c ./Drivers/STM32F1xx_HAL_Driver/stm32f1xx_hal.o
                0x0000000008001228                HAL_Init
 .text.HAL_InitTick
                0x0000000008001254       0x60 ./Drivers/STM32F1xx_HAL_Driver/stm32f1xx_hal.o
                0x0000000008001254                HAL_InitTick
 .text.HAL_IncTick
                0x00000000080012b4       0x24 ./Drivers/STM32F1xx_HAL_Driver/stm32f1xx_hal.o
                0x00000000080012b4                HAL_IncTick
 .text.HAL_GetTick
                0x00000000080012d8       0x14 ./Drivers/STM32F1xx_HAL_Driver/stm32f1xx_hal.o
                0x00000000080012d8                HAL_GetTick
 .text.__NVIC_SetPriorityGrouping
                0x00000000080012ec       0x48 ./Drivers/STM32F1xx_HAL_Driver/stm32f1xx_hal_cortex.o
 .text.__NVIC_GetPriorityGrouping
                0x0000000008001334       0x1c ./Drivers/STM32F1xx_HAL_Driver/stm32f1xx_hal_cortex.o
 .text.__NVIC_SetPriority
                0x0000000008001350       0x54 ./Drivers/STM32F1xx_HAL_Driver/stm32f1xx_hal_cortex.o
 .text.NVIC_EncodePriority
                0x00000000080013a4       0x64 ./Drivers/STM32F1xx_HAL_Driver/stm32f1xx_hal_cortex.o
 .text.SysTick_Config
                0x0000000008001408       0x44 ./Drivers/STM32F1xx_HAL_Driver/stm32f1xx_hal_cortex.o
 .text.HAL_NVIC_SetPriorityGrouping
                0x000000000800144c       0x16 ./Drivers/STM32F1xx_HAL_Driver/stm32f1xx_hal_cortex.o
                0x000000000800144c                HAL_NVIC_SetPriorityGrouping
 .text.HAL_NVIC_SetPriority
                0x0000000008001462       0x38 ./Drivers/STM32F1xx_HAL_Driver/stm32f1xx_hal_cortex.o
                0x0000000008001462                HAL_NVIC_SetPriority
 .text.HAL_SYSTICK_Config
                0x000000000800149a       0x18 ./Drivers/STM32F1xx_HAL_Driver/stm32f1xx_hal_cortex.o
                0x000000000800149a                HAL_SYSTICK_Config
 *fill*         0x00000000080014b2        0x2 
 .text.HAL_GPIO_Init
                0x00000000080014b4      0x308 ./Drivers/STM32F1xx_HAL_Driver/stm32f1xx_hal_gpio.o
                0x00000000080014b4                HAL_GPIO_Init
 .text.HAL_GPIO_WritePin
                0x00000000080017bc       0x30 ./Drivers/STM32F1xx_HAL_Driver/stm32f1xx_hal_gpio.o
                0x00000000080017bc                HAL_GPIO_WritePin
 .text.HAL_RCC_OscConfig
                0x00000000080017ec      0x504 ./Drivers/STM32F1xx_HAL_Driver/stm32f1xx_hal_rcc.o
                0x00000000080017ec                HAL_RCC_OscConfig
 .text.HAL_RCC_ClockConfig
                0x0000000008001cf0      0x1d4 ./Drivers/STM32F1xx_HAL_Driver/stm32f1xx_hal_rcc.o
                0x0000000008001cf0                HAL_RCC_ClockConfig
 .text.HAL_RCC_GetSysClockFreq
                0x0000000008001ec4       0xbc ./Drivers/STM32F1xx_HAL_Driver/stm32f1xx_hal_rcc.o
                0x0000000008001ec4                HAL_RCC_GetSysClockFreq
 .text.HAL_RCC_GetHCLKFreq
                0x0000000008001f80       0x14 ./Drivers/STM32F1xx_HAL_Driver/stm32f1xx_hal_rcc.o
                0x0000000008001f80                HAL_RCC_GetHCLKFreq
 .text.HAL_RCC_GetPCLK1Freq
                0x0000000008001f94       0x28 ./Drivers/STM32F1xx_HAL_Driver/stm32f1xx_hal_rcc.o
                0x0000000008001f94                HAL_RCC_GetPCLK1Freq
 .text.HAL_RCC_GetPCLK2Freq
                0x0000000008001fbc       0x28 ./Drivers/STM32F1xx_HAL_Driver/stm32f1xx_hal_rcc.o
                0x0000000008001fbc                HAL_RCC_GetPCLK2Freq
 .text.RCC_Delay
                0x0000000008001fe4       0x3c ./Drivers/STM32F1xx_HAL_Driver/stm32f1xx_hal_rcc.o
 .text.HAL_SPI_Init
                0x0000000008002020      0x108 ./Drivers/STM32F1xx_HAL_Driver/stm32f1xx_hal_spi.o
                0x0000000008002020                HAL_SPI_Init
 .text.HAL_SPI_Transmit
                0x0000000008002128      0x278 ./Drivers/STM32F1xx_HAL_Driver/stm32f1xx_hal_spi.o
                0x0000000008002128                HAL_SPI_Transmit
 .text.HAL_SPI_TransmitReceive
                0x00000000080023a0      0x344 ./Drivers/STM32F1xx_HAL_Driver/stm32f1xx_hal_spi.o
                0x00000000080023a0                HAL_SPI_TransmitReceive
 .text.HAL_SPI_GetState
                0x00000000080026e4       0x1a ./Drivers/STM32F1xx_HAL_Driver/stm32f1xx_hal_spi.o
                0x00000000080026e4                HAL_SPI_GetState
 *fill*         0x00000000080026fe        0x2 
 .text.SPI_WaitFlagStateUntilTimeout
                0x0000000008002700      0x110 ./Drivers/STM32F1xx_HAL_Driver/stm32f1xx_hal_spi.o
 .text.SPI_EndRxTxTransaction
                0x0000000008002810       0x3c ./Drivers/STM32F1xx_HAL_Driver/stm32f1xx_hal_spi.o
 .text.HAL_UART_Init
                0x000000000800284c       0x9a ./Drivers/STM32F1xx_HAL_Driver/stm32f1xx_hal_uart.o
                0x000000000800284c                HAL_UART_Init
 .text.HAL_UART_Transmit
                0x00000000080028e6      0x124 ./Drivers/STM32F1xx_HAL_Driver/stm32f1xx_hal_uart.o
                0x00000000080028e6                HAL_UART_Transmit
 .text.HAL_UART_Receive
                0x0000000008002a0a      0x144 ./Drivers/STM32F1xx_HAL_Driver/stm32f1xx_hal_uart.o
                0x0000000008002a0a                HAL_UART_Receive
 .text.UART_WaitOnFlagUntilTimeout
                0x0000000008002b4e       0x94 ./Drivers/STM32F1xx_HAL_Driver/stm32f1xx_hal_uart.o
 *fill*         0x0000000008002be2        0x2 
 .text.UART_SetConfig
                0x0000000008002be4      0x11c ./Drivers/STM32F1xx_HAL_Driver/stm32f1xx_hal_uart.o
 .text.MX_FATFS_Init
                0x0000000008002d00       0x24 ./FATFS/App/fatfs.o
                0x0000000008002d00                MX_FATFS_Init
 .text.get_fattime
                0x0000000008002d24        0xe ./FATFS/App/fatfs.o
                0x0000000008002d24                get_fattime
 .text.USER_initialize
                0x0000000008002d32       0x1e ./FATFS/Target/user_diskio.o
                0x0000000008002d32                USER_initialize
 .text.USER_status
                0x0000000008002d50       0x1e ./FATFS/Target/user_diskio.o
                0x0000000008002d50                USER_status
 .text.USER_read
                0x0000000008002d6e       0x28 ./FATFS/Target/user_diskio.o
                0x0000000008002d6e                USER_read
 .text.USER_write
                0x0000000008002d96       0x28 ./FATFS/Target/user_diskio.o
                0x0000000008002d96                USER_write
 .text.USER_ioctl
                0x0000000008002dbe       0x28 ./FATFS/Target/user_diskio.o
                0x0000000008002dbe                USER_ioctl
 *fill*         0x0000000008002de6        0x2 
 .text.ff_convert
                0x0000000008002de8       0x74 ./Middlewares/FatFs/ccsbcs.o
                0x0000000008002de8                ff_convert
 .text.ff_wtoupper
                0x0000000008002e5c       0x5c ./Middlewares/FatFs/ccsbcs.o
                0x0000000008002e5c                ff_wtoupper
 .text.disk_status
                0x0000000008002eb8       0x34 ./Middlewares/FatFs/diskio.o
                0x0000000008002eb8                disk_status
 .text.disk_initialize
                0x0000000008002eec       0x4c ./Middlewares/FatFs/diskio.o
                0x0000000008002eec                disk_initialize
 .text.disk_read
                0x0000000008002f38       0x40 ./Middlewares/FatFs/diskio.o
                0x0000000008002f38                disk_read
 .text.disk_write
                0x0000000008002f78       0x40 ./Middlewares/FatFs/diskio.o
                0x0000000008002f78                disk_write
 .text.disk_ioctl
                0x0000000008002fb8       0x3c ./Middlewares/FatFs/diskio.o
                0x0000000008002fb8                disk_ioctl
 .text.mem_cpy  0x0000000008002ff4       0x3c ./Middlewares/FatFs/ff.o
 .text.mem_set  0x0000000008003030       0x34 ./Middlewares/FatFs/ff.o
 .text.mem_cmp  0x0000000008003064       0x4c ./Middlewares/FatFs/ff.o
 .text.chk_chr  0x00000000080030b0       0x34 ./Middlewares/FatFs/ff.o
 .text.chk_lock
                0x00000000080030e4       0xe0 ./Middlewares/FatFs/ff.o
 .text.enq_lock
                0x00000000080031c4       0x48 ./Middlewares/FatFs/ff.o
 .text.inc_lock
                0x000000000800320c      0x178 ./Middlewares/FatFs/ff.o
 .text.dec_lock
                0x0000000008003384       0x88 ./Middlewares/FatFs/ff.o
 .text.clear_lock
                0x000000000800340c       0x54 ./Middlewares/FatFs/ff.o
 .text.sync_window
                0x0000000008003460       0xa4 ./Middlewares/FatFs/ff.o
 .text.move_window
                0x0000000008003504       0x64 ./Middlewares/FatFs/ff.o
 .text.sync_fs  0x0000000008003568      0x17e ./Middlewares/FatFs/ff.o
 .text.clust2sect
                0x00000000080036e6       0x48 ./Middlewares/FatFs/ff.o
                0x00000000080036e6                clust2sect
 .text.get_fat  0x000000000800372e      0x1f8 ./Middlewares/FatFs/ff.o
                0x000000000800372e                get_fat
 .text.put_fat  0x0000000008003926      0x2a6 ./Middlewares/FatFs/ff.o
                0x0000000008003926                put_fat
 .text.remove_chain
                0x0000000008003bcc       0xc2 ./Middlewares/FatFs/ff.o
 .text.create_chain
                0x0000000008003c8e      0x150 ./Middlewares/FatFs/ff.o
 .text.clmt_clust
                0x0000000008003dde       0x80 ./Middlewares/FatFs/ff.o
 .text.dir_sdi  0x0000000008003e5e      0x19c ./Middlewares/FatFs/ff.o
 .text.dir_next
                0x0000000008003ffa      0x294 ./Middlewares/FatFs/ff.o
 .text.dir_alloc
                0x000000000800428e       0x9c ./Middlewares/FatFs/ff.o
 .text.ld_clust
                0x000000000800432a       0x5c ./Middlewares/FatFs/ff.o
 .text.st_clust
                0x0000000008004386       0x4c ./Middlewares/FatFs/ff.o
 *fill*         0x00000000080043d2        0x2 
 .text.cmp_lfn  0x00000000080043d4       0xdc ./Middlewares/FatFs/ff.o
 .text.fit_lfn  0x00000000080044b0       0xe8 ./Middlewares/FatFs/ff.o
 .text.gen_numname
                0x0000000008004598      0x11c ./Middlewares/FatFs/ff.o
 .text.sum_sfn  0x00000000080046b4       0x40 ./Middlewares/FatFs/ff.o
 .text.dir_find
                0x00000000080046f4      0x198 ./Middlewares/FatFs/ff.o
 .text.dir_register
                0x000000000800488c      0x248 ./Middlewares/FatFs/ff.o
 .text.create_name
                0x0000000008004ad4      0x37c ./Middlewares/FatFs/ff.o
 .text.follow_path
                0x0000000008004e50       0xec ./Middlewares/FatFs/ff.o
 .text.get_ldnumber
                0x0000000008004f3c       0x86 ./Middlewares/FatFs/ff.o
 *fill*         0x0000000008004fc2        0x2 
 .text.check_fs
                0x0000000008004fc4       0xdc ./Middlewares/FatFs/ff.o
 .text.find_volume
                0x00000000080050a0      0x664 ./Middlewares/FatFs/ff.o
 .text.validate
                0x0000000008005704       0x76 ./Middlewares/FatFs/ff.o
 *fill*         0x000000000800577a        0x2 
 .text.f_mount  0x000000000800577c       0x94 ./Middlewares/FatFs/ff.o
                0x000000000800577c                f_mount
 .text.f_open   0x0000000008005810      0x630 ./Middlewares/FatFs/ff.o
                0x0000000008005810                f_open
 .text.f_write  0x0000000008005e40      0x472 ./Middlewares/FatFs/ff.o
                0x0000000008005e40                f_write
 .text.f_sync   0x00000000080062b2      0x19c ./Middlewares/FatFs/ff.o
                0x00000000080062b2                f_sync
 .text.f_close  0x000000000800644e       0x56 ./Middlewares/FatFs/ff.o
                0x000000000800644e                f_close
 .text.putc_bfd
                0x00000000080064a4       0x7a ./Middlewares/FatFs/ff.o
 *fill*         0x000000000800651e        0x2 
 .text.f_printf
                0x0000000008006520      0x430 ./Middlewares/FatFs/ff.o
                0x0000000008006520                f_printf
 .text.FATFS_LinkDriverEx
                0x0000000008006950       0x94 ./Middlewares/FatFs/ff_gen_drv.o
                0x0000000008006950                FATFS_LinkDriverEx
 .text.FATFS_LinkDriver
                0x00000000080069e4       0x1e ./Middlewares/FatFs/ff_gen_drv.o
                0x00000000080069e4                FATFS_LinkDriver
 *fill*         0x0000000008006a02        0x2 
 .text.__libc_init_array
                0x0000000008006a04       0x48 e:/programs/stm32cubeide_1.10.1/stm32cubeide/plugins/com.st.stm32cube.ide.mcu.externaltools.gnu-tools-for-stm32.10.3-2021.10.win32_1.0.0.202111181127/tools/bin/../lib/gcc/arm-none-eabi/10.3.1/../../../../arm-none-eabi/lib/thumb/v7-m/nofp\libc_nano.a(lib_a-init.o)
                0x0000000008006a04                __libc_init_array
 .text.memset   0x0000000008006a4c       0x10 e:/programs/stm32cubeide_1.10.1/stm32cubeide/plugins/com.st.stm32cube.ide.mcu.externaltools.gnu-tools-for-stm32.10.3-2021.10.win32_1.0.0.202111181127/tools/bin/../lib/gcc/arm-none-eabi/10.3.1/../../../../arm-none-eabi/lib/thumb/v7-m/nofp\libc_nano.a(lib_a-memset.o)
                0x0000000008006a4c                memset
 *(.glue_7)
 .glue_7        0x0000000008006a5c        0x0 linker stubs
 *(.glue_7t)
 .glue_7t       0x0000000008006a5c        0x0 linker stubs
 *(.eh_frame)
 .eh_frame      0x0000000008006a5c        0x0 e:/programs/stm32cubeide_1.10.1/stm32cubeide/plugins/com.st.stm32cube.ide.mcu.externaltools.gnu-tools-for-stm32.10.3-2021.10.win32_1.0.0.202111181127/tools/bin/../lib/gcc/arm-none-eabi/10.3.1/thumb/v7-m/nofp/crtbegin.o
 *(.init)
 .init          0x0000000008006a5c        0x4 e:/programs/stm32cubeide_1.10.1/stm32cubeide/plugins/com.st.stm32cube.ide.mcu.externaltools.gnu-tools-for-stm32.10.3-2021.10.win32_1.0.0.202111181127/tools/bin/../lib/gcc/arm-none-eabi/10.3.1/thumb/v7-m/nofp/crti.o
                0x0000000008006a5c                _init
 .init          0x0000000008006a60        0x8 e:/programs/stm32cubeide_1.10.1/stm32cubeide/plugins/com.st.stm32cube.ide.mcu.externaltools.gnu-tools-for-stm32.10.3-2021.10.win32_1.0.0.202111181127/tools/bin/../lib/gcc/arm-none-eabi/10.3.1/thumb/v7-m/nofp/crtn.o
 *(.fini)
 .fini          0x0000000008006a68        0x4 e:/programs/stm32cubeide_1.10.1/stm32cubeide/plugins/com.st.stm32cube.ide.mcu.externaltools.gnu-tools-for-stm32.10.3-2021.10.win32_1.0.0.202111181127/tools/bin/../lib/gcc/arm-none-eabi/10.3.1/thumb/v7-m/nofp/crti.o
                0x0000000008006a68                _fini
 .fini          0x0000000008006a6c        0x8 e:/programs/stm32cubeide_1.10.1/stm32cubeide/plugins/com.st.stm32cube.ide.mcu.externaltools.gnu-tools-for-stm32.10.3-2021.10.win32_1.0.0.202111181127/tools/bin/../lib/gcc/arm-none-eabi/10.3.1/thumb/v7-m/nofp/crtn.o
                0x0000000008006a74                . = ALIGN (0x4)
                0x0000000008006a74                _etext = .

.vfp11_veneer   0x0000000008006a74        0x0
 .vfp11_veneer  0x0000000008006a74        0x0 linker stubs

.v4_bx          0x0000000008006a74        0x0
 .v4_bx         0x0000000008006a74        0x0 linker stubs

.iplt           0x0000000008006a74        0x0
 .iplt          0x0000000008006a74        0x0 e:/programs/stm32cubeide_1.10.1/stm32cubeide/plugins/com.st.stm32cube.ide.mcu.externaltools.gnu-tools-for-stm32.10.3-2021.10.win32_1.0.0.202111181127/tools/bin/../lib/gcc/arm-none-eabi/10.3.1/thumb/v7-m/nofp/crtbegin.o

.rodata         0x0000000008006a74      0x684
                0x0000000008006a74                . = ALIGN (0x4)
 *(.rodata)
 .rodata        0x0000000008006a74       0xc3 ./Core/Src/main.o
 *fill*         0x0000000008006b37        0x1 
 .rodata        0x0000000008006b38       0x10 ./Drivers/STM32F1xx_HAL_Driver/stm32f1xx_hal_rcc.o
 .rodata        0x0000000008006b48       0x48 ./Middlewares/FatFs/ff.o
 *(.rodata*)
 .rodata.AHBPrescTable
                0x0000000008006b90       0x10 ./Core/Src/system_stm32f1xx.o
                0x0000000008006b90                AHBPrescTable
 .rodata.APBPrescTable
                0x0000000008006ba0        0x8 ./Core/Src/system_stm32f1xx.o
                0x0000000008006ba0                APBPrescTable
 .rodata.Tbl    0x0000000008006ba8      0x100 ./Middlewares/FatFs/ccsbcs.o
 .rodata.tbl_lower.1
                0x0000000008006ca8      0x1e0 ./Middlewares/FatFs/ccsbcs.o
 .rodata.tbl_upper.0
                0x0000000008006e88      0x1e0 ./Middlewares/FatFs/ccsbcs.o
 .rodata.ExCvt  0x0000000008007068       0x80 ./Middlewares/FatFs/ff.o
 .rodata.LfnOfs
                0x00000000080070e8        0xd ./Middlewares/FatFs/ff.o
                0x00000000080070f8                . = ALIGN (0x4)
 *fill*         0x00000000080070f5        0x3 

.rel.dyn        0x00000000080070f8        0x0
 .rel.iplt      0x00000000080070f8        0x0 e:/programs/stm32cubeide_1.10.1/stm32cubeide/plugins/com.st.stm32cube.ide.mcu.externaltools.gnu-tools-for-stm32.10.3-2021.10.win32_1.0.0.202111181127/tools/bin/../lib/gcc/arm-none-eabi/10.3.1/thumb/v7-m/nofp/crtbegin.o

.ARM.extab      0x00000000080070f8        0x0
                0x00000000080070f8                . = ALIGN (0x4)
 *(.ARM.extab* .gnu.linkonce.armextab.*)
                0x00000000080070f8                . = ALIGN (0x4)

.ARM            0x00000000080070f8        0x0
                0x00000000080070f8                . = ALIGN (0x4)
                0x00000000080070f8                __exidx_start = .
 *(.ARM.exidx*)
                0x00000000080070f8                __exidx_end = .
                0x00000000080070f8                . = ALIGN (0x4)

.preinit_array  0x00000000080070f8        0x0
                0x00000000080070f8                . = ALIGN (0x4)
                0x00000000080070f8                PROVIDE (__preinit_array_start = .)
 *(.preinit_array*)
                0x00000000080070f8                PROVIDE (__preinit_array_end = .)
                0x00000000080070f8                . = ALIGN (0x4)

.init_array     0x00000000080070f8        0x4
                0x00000000080070f8                . = ALIGN (0x4)
                0x00000000080070f8                PROVIDE (__init_array_start = .)
 *(SORT_BY_NAME(.init_array.*))
 *(.init_array*)
 .init_array    0x00000000080070f8        0x4 e:/programs/stm32cubeide_1.10.1/stm32cubeide/plugins/com.st.stm32cube.ide.mcu.externaltools.gnu-tools-for-stm32.10.3-2021.10.win32_1.0.0.202111181127/tools/bin/../lib/gcc/arm-none-eabi/10.3.1/thumb/v7-m/nofp/crtbegin.o
                0x00000000080070fc                PROVIDE (__init_array_end = .)
                0x00000000080070fc                . = ALIGN (0x4)

.fini_array     0x00000000080070fc        0x4
                0x00000000080070fc                . = ALIGN (0x4)
                [!provide]                        PROVIDE (__fini_array_start = .)
 *(SORT_BY_NAME(.fini_array.*))
 *(.fini_array*)
 .fini_array    0x00000000080070fc        0x4 e:/programs/stm32cubeide_1.10.1/stm32cubeide/plugins/com.st.stm32cube.ide.mcu.externaltools.gnu-tools-for-stm32.10.3-2021.10.win32_1.0.0.202111181127/tools/bin/../lib/gcc/arm-none-eabi/10.3.1/thumb/v7-m/nofp/crtbegin.o
                [!provide]                        PROVIDE (__fini_array_end = .)
                0x0000000008007100                . = ALIGN (0x4)
                0x0000000008007100                _sidata = LOADADDR (.data)

.data           0x0000000020000000       0x24 load address 0x0000000008007100
                0x0000000020000000                . = ALIGN (0x4)
                0x0000000020000000                _sdata = .
 *(.data)
 *(.data*)
 .data.Stat     0x0000000020000000        0x1 ./Core/Src/fatfs_sd.o
 *fill*         0x0000000020000001        0x3 
 .data.SystemCoreClock
                0x0000000020000004        0x4 ./Core/Src/system_stm32f1xx.o
                0x0000000020000004                SystemCoreClock
 .data.uwTickPrio
                0x0000000020000008        0x4 ./Drivers/STM32F1xx_HAL_Driver/stm32f1xx_hal.o
                0x0000000020000008                uwTickPrio
 .data.uwTickFreq
                0x000000002000000c        0x1 ./Drivers/STM32F1xx_HAL_Driver/stm32f1xx_hal.o
                0x000000002000000c                uwTickFreq
 *fill*         0x000000002000000d        0x3 
 .data.USER_Driver
                0x0000000020000010       0x14 ./FATFS/Target/user_diskio.o
                0x0000000020000010                USER_Driver
 *(.RamFunc)
 *(.RamFunc*)
                0x0000000020000024                . = ALIGN (0x4)
                0x0000000020000024                _edata = .

.igot.plt       0x0000000020000024        0x0 load address 0x0000000008007124
 .igot.plt      0x0000000020000024        0x0 e:/programs/stm32cubeide_1.10.1/stm32cubeide/plugins/com.st.stm32cube.ide.mcu.externaltools.gnu-tools-for-stm32.10.3-2021.10.win32_1.0.0.202111181127/tools/bin/../lib/gcc/arm-none-eabi/10.3.1/thumb/v7-m/nofp/crtbegin.o
                0x0000000020000024                . = ALIGN (0x4)

.bss            0x0000000020000024     0x279c load address 0x0000000008007124
                0x0000000020000024                _sbss = .
                0x0000000020000024                __bss_start__ = _sbss
 *(.bss)
 .bss           0x0000000020000024       0x1c e:/programs/stm32cubeide_1.10.1/stm32cubeide/plugins/com.st.stm32cube.ide.mcu.externaltools.gnu-tools-for-stm32.10.3-2021.10.win32_1.0.0.202111181127/tools/bin/../lib/gcc/arm-none-eabi/10.3.1/thumb/v7-m/nofp/crtbegin.o
 *(.bss*)
 .bss.CardType  0x0000000020000040        0x1 ./Core/Src/fatfs_sd.o
 .bss.PowerFlag
                0x0000000020000041        0x1 ./Core/Src/fatfs_sd.o
 *fill*         0x0000000020000042        0x2 
 .bss.hspi1     0x0000000020000044       0x58 ./Core/Src/main.o
                0x0000000020000044                hspi1
 .bss.huart2    0x000000002000009c       0x44 ./Core/Src/main.o
                0x000000002000009c                huart2
 .bss.huart3    0x00000000200000e0       0x44 ./Core/Src/main.o
                0x00000000200000e0                huart3
 .bss.fs        0x0000000020000124     0x1030 ./Core/Src/main.o
                0x0000000020000124                fs
 .bss.fil       0x0000000020001154     0x102c ./Core/Src/main.o
                0x0000000020001154                fil
 .bss.fresult   0x0000000020002180        0x1 ./Core/Src/main.o
                0x0000000020002180                fresult
 *fill*         0x0000000020002181        0x3 
 .bss.bufferADSB
                0x0000000020002184      0x400 ./Core/Src/main.o
                0x0000000020002184                bufferADSB
 .bss.FatFsCnt  0x0000000020002584        0x1 ./Core/Src/stm32f1xx_it.o
                0x0000000020002584                FatFsCnt
 .bss.Timer1    0x0000000020002585        0x1 ./Core/Src/stm32f1xx_it.o
                0x0000000020002585                Timer1
 .bss.Timer2    0x0000000020002586        0x1 ./Core/Src/stm32f1xx_it.o
                0x0000000020002586                Timer2
 *fill*         0x0000000020002587        0x1 
 .bss.uwTick    0x0000000020002588        0x4 ./Drivers/STM32F1xx_HAL_Driver/stm32f1xx_hal.o
                0x0000000020002588                uwTick
 .bss.retUSER   0x000000002000258c        0x1 ./FATFS/App/fatfs.o
                0x000000002000258c                retUSER
 *fill*         0x000000002000258d        0x3 
 .bss.USERPath  0x0000000020002590        0x4 ./FATFS/App/fatfs.o
                0x0000000020002590                USERPath
 .bss.FatFs     0x0000000020002594        0x4 ./Middlewares/FatFs/ff.o
 .bss.Fsid      0x0000000020002598        0x2 ./Middlewares/FatFs/ff.o
 *fill*         0x000000002000259a        0x2 
 .bss.Files     0x000000002000259c       0x18 ./Middlewares/FatFs/ff.o
 .bss.LfnBuf    0x00000000200025b4      0x200 ./Middlewares/FatFs/ff.o
 .bss.disk      0x00000000200027b4        0xc ./Middlewares/FatFs/ff_gen_drv.o
                0x00000000200027b4                disk
 *(COMMON)
                0x00000000200027c0                . = ALIGN (0x4)
                0x00000000200027c0                _ebss = .
                0x00000000200027c0                __bss_end__ = _ebss

._user_heap_stack
                0x00000000200027c0      0x600 load address 0x0000000008007124
                0x00000000200027c0                . = ALIGN (0x8)
                [!provide]                        PROVIDE (end = .)
                0x00000000200027c0                PROVIDE (_end = .)
                0x00000000200029c0                . = (. + _Min_Heap_Size)
 *fill*         0x00000000200027c0      0x200 
                0x0000000020002dc0                . = (. + _Min_Stack_Size)
 *fill*         0x00000000200029c0      0x400 
                0x0000000020002dc0                . = ALIGN (0x8)

/DISCARD/
 libc.a(*)
 libm.a(*)
 libgcc.a(*)

.ARM.attributes
                0x0000000000000000       0x29
 *(.ARM.attributes)
 .ARM.attributes
                0x0000000000000000       0x1d e:/programs/stm32cubeide_1.10.1/stm32cubeide/plugins/com.st.stm32cube.ide.mcu.externaltools.gnu-tools-for-stm32.10.3-2021.10.win32_1.0.0.202111181127/tools/bin/../lib/gcc/arm-none-eabi/10.3.1/thumb/v7-m/nofp/crti.o
 .ARM.attributes
                0x000000000000001d       0x2d e:/programs/stm32cubeide_1.10.1/stm32cubeide/plugins/com.st.stm32cube.ide.mcu.externaltools.gnu-tools-for-stm32.10.3-2021.10.win32_1.0.0.202111181127/tools/bin/../lib/gcc/arm-none-eabi/10.3.1/thumb/v7-m/nofp/crtbegin.o
 .ARM.attributes
                0x000000000000004a       0x2d ./Core/Src/fatfs_sd.o
 .ARM.attributes
                0x0000000000000077       0x2d ./Core/Src/main.o
 .ARM.attributes
                0x00000000000000a4       0x2d ./Core/Src/stm32f1xx_hal_msp.o
 .ARM.attributes
                0x00000000000000d1       0x2d ./Core/Src/stm32f1xx_it.o
 .ARM.attributes
                0x00000000000000fe       0x2d ./Core/Src/system_stm32f1xx.o
 .ARM.attributes
                0x000000000000012b       0x21 ./Core/Startup/startup_stm32f103c8tx.o
 .ARM.attributes
                0x000000000000014c       0x2d ./Drivers/STM32F1xx_HAL_Driver/stm32f1xx_hal.o
 .ARM.attributes
                0x0000000000000179       0x2d ./Drivers/STM32F1xx_HAL_Driver/stm32f1xx_hal_cortex.o
 .ARM.attributes
                0x00000000000001a6       0x2d ./Drivers/STM32F1xx_HAL_Driver/stm32f1xx_hal_gpio.o
 .ARM.attributes
                0x00000000000001d3       0x2d ./Drivers/STM32F1xx_HAL_Driver/stm32f1xx_hal_rcc.o
 .ARM.attributes
                0x0000000000000200       0x2d ./Drivers/STM32F1xx_HAL_Driver/stm32f1xx_hal_spi.o
 .ARM.attributes
                0x000000000000022d       0x2d ./Drivers/STM32F1xx_HAL_Driver/stm32f1xx_hal_uart.o
 .ARM.attributes
                0x000000000000025a       0x2d ./FATFS/App/fatfs.o
 .ARM.attributes
                0x0000000000000287       0x2d ./FATFS/Target/user_diskio.o
 .ARM.attributes
                0x00000000000002b4       0x2d ./Middlewares/FatFs/ccsbcs.o
 .ARM.attributes
                0x00000000000002e1       0x2d ./Middlewares/FatFs/diskio.o
 .ARM.attributes
                0x000000000000030e       0x2d ./Middlewares/FatFs/ff.o
 .ARM.attributes
                0x000000000000033b       0x2d ./Middlewares/FatFs/ff_gen_drv.o
 .ARM.attributes
                0x0000000000000368       0x2d e:/programs/stm32cubeide_1.10.1/stm32cubeide/plugins/com.st.stm32cube.ide.mcu.externaltools.gnu-tools-for-stm32.10.3-2021.10.win32_1.0.0.202111181127/tools/bin/../lib/gcc/arm-none-eabi/10.3.1/../../../../arm-none-eabi/lib/thumb/v7-m/nofp\libc_nano.a(lib_a-init.o)
 .ARM.attributes
                0x0000000000000395       0x2d e:/programs/stm32cubeide_1.10.1/stm32cubeide/plugins/com.st.stm32cube.ide.mcu.externaltools.gnu-tools-for-stm32.10.3-2021.10.win32_1.0.0.202111181127/tools/bin/../lib/gcc/arm-none-eabi/10.3.1/../../../../arm-none-eabi/lib/thumb/v7-m/nofp\libc_nano.a(lib_a-memset.o)
 .ARM.attributes
                0x00000000000003c2       0x17 e:/programs/stm32cubeide_1.10.1/stm32cubeide/plugins/com.st.stm32cube.ide.mcu.externaltools.gnu-tools-for-stm32.10.3-2021.10.win32_1.0.0.202111181127/tools/bin/../lib/gcc/arm-none-eabi/10.3.1/../../../../arm-none-eabi/lib/thumb/v7-m/nofp\libc_nano.a(lib_a-strlen.o)
 .ARM.attributes
                0x00000000000003d9       0x1d e:/programs/stm32cubeide_1.10.1/stm32cubeide/plugins/com.st.stm32cube.ide.mcu.externaltools.gnu-tools-for-stm32.10.3-2021.10.win32_1.0.0.202111181127/tools/bin/../lib/gcc/arm-none-eabi/10.3.1/thumb/v7-m/nofp/crtn.o
OUTPUT(Test.elf elf32-littlearm)
LOAD linker stubs
LOAD e:/programs/stm32cubeide_1.10.1/stm32cubeide/plugins/com.st.stm32cube.ide.mcu.externaltools.gnu-tools-for-stm32.10.3-2021.10.win32_1.0.0.202111181127/tools/bin/../lib/gcc/arm-none-eabi/10.3.1/../../../../arm-none-eabi/lib/thumb/v7-m/nofp\libc.a
LOAD e:/programs/stm32cubeide_1.10.1/stm32cubeide/plugins/com.st.stm32cube.ide.mcu.externaltools.gnu-tools-for-stm32.10.3-2021.10.win32_1.0.0.202111181127/tools/bin/../lib/gcc/arm-none-eabi/10.3.1/../../../../arm-none-eabi/lib/thumb/v7-m/nofp\libm.a
LOAD e:/programs/stm32cubeide_1.10.1/stm32cubeide/plugins/com.st.stm32cube.ide.mcu.externaltools.gnu-tools-for-stm32.10.3-2021.10.win32_1.0.0.202111181127/tools/bin/../lib/gcc/arm-none-eabi/10.3.1/thumb/v7-m/nofp\libgcc.a

.debug_info     0x0000000000000000     0xb4a1
 .debug_info    0x0000000000000000      0xc3b ./Core/Src/fatfs_sd.o
 .debug_info    0x0000000000000c3b     0x12ac ./Core/Src/main.o
 .debug_info    0x0000000000001ee7      0xb83 ./Core/Src/stm32f1xx_hal_msp.o
 .debug_info    0x0000000000002a6a      0x187 ./Core/Src/stm32f1xx_it.o
 .debug_info    0x0000000000002bf1      0x23d ./Core/Src/system_stm32f1xx.o
 .debug_info    0x0000000000002e2e       0x22 ./Core/Startup/startup_stm32f103c8tx.o
 .debug_info    0x0000000000002e50      0x734 ./Drivers/STM32F1xx_HAL_Driver/stm32f1xx_hal.o
 .debug_info    0x0000000000003584      0xb20 ./Drivers/STM32F1xx_HAL_Driver/stm32f1xx_hal_cortex.o
 .debug_info    0x00000000000040a4      0x615 ./Drivers/STM32F1xx_HAL_Driver/stm32f1xx_hal_gpio.o
 .debug_info    0x00000000000046b9      0x860 ./Drivers/STM32F1xx_HAL_Driver/stm32f1xx_hal_rcc.o
 .debug_info    0x0000000000004f19     0x1658 ./Drivers/STM32F1xx_HAL_Driver/stm32f1xx_hal_spi.o
 .debug_info    0x0000000000006571     0x15d8 ./Drivers/STM32F1xx_HAL_Driver/stm32f1xx_hal_uart.o
 .debug_info    0x0000000000007b49      0x52d ./FATFS/App/fatfs.o
 .debug_info    0x0000000000008076      0x3dc ./FATFS/Target/user_diskio.o
 .debug_info    0x0000000000008452      0x17d ./Middlewares/FatFs/ccsbcs.o
 .debug_info    0x00000000000085cf      0x40d ./Middlewares/FatFs/diskio.o
 .debug_info    0x00000000000089dc     0x2721 ./Middlewares/FatFs/ff.o
 .debug_info    0x000000000000b0fd      0x3a4 ./Middlewares/FatFs/ff_gen_drv.o

.debug_abbrev   0x0000000000000000     0x2170
 .debug_abbrev  0x0000000000000000      0x2b1 ./Core/Src/fatfs_sd.o
 .debug_abbrev  0x00000000000002b1      0x373 ./Core/Src/main.o
 .debug_abbrev  0x0000000000000624      0x194 ./Core/Src/stm32f1xx_hal_msp.o
 .debug_abbrev  0x00000000000007b8       0x9d ./Core/Src/stm32f1xx_it.o
 .debug_abbrev  0x0000000000000855      0x13b ./Core/Src/system_stm32f1xx.o
 .debug_abbrev  0x0000000000000990       0x12 ./Core/Startup/startup_stm32f103c8tx.o
 .debug_abbrev  0x00000000000009a2      0x1fb ./Drivers/STM32F1xx_HAL_Driver/stm32f1xx_hal.o
 .debug_abbrev  0x0000000000000b9d      0x2ed ./Drivers/STM32F1xx_HAL_Driver/stm32f1xx_hal_cortex.o
 .debug_abbrev  0x0000000000000e8a      0x1bb ./Drivers/STM32F1xx_HAL_Driver/stm32f1xx_hal_gpio.o
 .debug_abbrev  0x0000000000001045      0x2a8 ./Drivers/STM32F1xx_HAL_Driver/stm32f1xx_hal_rcc.o
 .debug_abbrev  0x00000000000012ed      0x26e ./Drivers/STM32F1xx_HAL_Driver/stm32f1xx_hal_spi.o
 .debug_abbrev  0x000000000000155b      0x278 ./Drivers/STM32F1xx_HAL_Driver/stm32f1xx_hal_uart.o
 .debug_abbrev  0x00000000000017d3      0x19a ./FATFS/App/fatfs.o
 .debug_abbrev  0x000000000000196d      0x155 ./FATFS/Target/user_diskio.o
 .debug_abbrev  0x0000000000001ac2       0xd3 ./Middlewares/FatFs/ccsbcs.o
 .debug_abbrev  0x0000000000001b95      0x178 ./Middlewares/FatFs/diskio.o
 .debug_abbrev  0x0000000000001d0d      0x2cd ./Middlewares/FatFs/ff.o
 .debug_abbrev  0x0000000000001fda      0x196 ./Middlewares/FatFs/ff_gen_drv.o

.debug_aranges  0x0000000000000000      0xbc0
 .debug_aranges
                0x0000000000000000       0xa0 ./Core/Src/fatfs_sd.o
 .debug_aranges
                0x00000000000000a0       0x68 ./Core/Src/main.o
 .debug_aranges
                0x0000000000000108       0x40 ./Core/Src/stm32f1xx_hal_msp.o
 .debug_aranges
                0x0000000000000148       0x68 ./Core/Src/stm32f1xx_it.o
 .debug_aranges
                0x00000000000001b0       0x28 ./Core/Src/system_stm32f1xx.o
 .debug_aranges
                0x00000000000001d8       0x28 ./Core/Startup/startup_stm32f103c8tx.o
 .debug_aranges
                0x0000000000000200       0xe0 ./Drivers/STM32F1xx_HAL_Driver/stm32f1xx_hal.o
 .debug_aranges
                0x00000000000002e0      0x100 ./Drivers/STM32F1xx_HAL_Driver/stm32f1xx_hal_cortex.o
 .debug_aranges
                0x00000000000003e0       0x58 ./Drivers/STM32F1xx_HAL_Driver/stm32f1xx_hal_gpio.o
 .debug_aranges
                0x0000000000000438       0x90 ./Drivers/STM32F1xx_HAL_Driver/stm32f1xx_hal_rcc.o
 .debug_aranges
                0x00000000000004c8      0x1d0 ./Drivers/STM32F1xx_HAL_Driver/stm32f1xx_hal_spi.o
 .debug_aranges
                0x0000000000000698      0x200 ./Drivers/STM32F1xx_HAL_Driver/stm32f1xx_hal_uart.o
 .debug_aranges
                0x0000000000000898       0x28 ./FATFS/App/fatfs.o
 .debug_aranges
                0x00000000000008c0       0x40 ./FATFS/Target/user_diskio.o
 .debug_aranges
                0x0000000000000900       0x28 ./Middlewares/FatFs/ccsbcs.o
 .debug_aranges
                0x0000000000000928       0x48 ./Middlewares/FatFs/diskio.o
 .debug_aranges
                0x0000000000000970      0x210 ./Middlewares/FatFs/ff.o
 .debug_aranges
                0x0000000000000b80       0x40 ./Middlewares/FatFs/ff_gen_drv.o

.debug_ranges   0x0000000000000000      0xad8
 .debug_ranges  0x0000000000000000       0x90 ./Core/Src/fatfs_sd.o
 .debug_ranges  0x0000000000000090       0x58 ./Core/Src/main.o
 .debug_ranges  0x00000000000000e8       0x30 ./Core/Src/stm32f1xx_hal_msp.o
 .debug_ranges  0x0000000000000118       0x58 ./Core/Src/stm32f1xx_it.o
 .debug_ranges  0x0000000000000170       0x18 ./Core/Src/system_stm32f1xx.o
 .debug_ranges  0x0000000000000188       0x20 ./Core/Startup/startup_stm32f103c8tx.o
 .debug_ranges  0x00000000000001a8       0xd0 ./Drivers/STM32F1xx_HAL_Driver/stm32f1xx_hal.o
 .debug_ranges  0x0000000000000278       0xf0 ./Drivers/STM32F1xx_HAL_Driver/stm32f1xx_hal_cortex.o
 .debug_ranges  0x0000000000000368       0x48 ./Drivers/STM32F1xx_HAL_Driver/stm32f1xx_hal_gpio.o
 .debug_ranges  0x00000000000003b0       0x80 ./Drivers/STM32F1xx_HAL_Driver/stm32f1xx_hal_rcc.o
 .debug_ranges  0x0000000000000430      0x1c0 ./Drivers/STM32F1xx_HAL_Driver/stm32f1xx_hal_spi.o
 .debug_ranges  0x00000000000005f0      0x220 ./Drivers/STM32F1xx_HAL_Driver/stm32f1xx_hal_uart.o
 .debug_ranges  0x0000000000000810       0x18 ./FATFS/App/fatfs.o
 .debug_ranges  0x0000000000000828       0x30 ./FATFS/Target/user_diskio.o
 .debug_ranges  0x0000000000000858       0x18 ./Middlewares/FatFs/ccsbcs.o
 .debug_ranges  0x0000000000000870       0x38 ./Middlewares/FatFs/diskio.o
 .debug_ranges  0x00000000000008a8      0x200 ./Middlewares/FatFs/ff.o
 .debug_ranges  0x0000000000000aa8       0x30 ./Middlewares/FatFs/ff_gen_drv.o

.debug_macro    0x0000000000000000    0x1834f
 .debug_macro   0x0000000000000000      0x1d7 ./Core/Src/fatfs_sd.o
 .debug_macro   0x00000000000001d7      0xa6c ./Core/Src/fatfs_sd.o
 .debug_macro   0x0000000000000c43      0x21b ./Core/Src/fatfs_sd.o
 .debug_macro   0x0000000000000e5e       0x2e ./Core/Src/fatfs_sd.o
 .debug_macro   0x0000000000000e8c       0x22 ./Core/Src/fatfs_sd.o
 .debug_macro   0x0000000000000eae       0x22 ./Core/Src/fatfs_sd.o
 .debug_macro   0x0000000000000ed0       0x8e ./Core/Src/fatfs_sd.o
 .debug_macro   0x0000000000000f5e       0x51 ./Core/Src/fatfs_sd.o
 .debug_macro   0x0000000000000faf      0x103 ./Core/Src/fatfs_sd.o
 .debug_macro   0x00000000000010b2       0x6a ./Core/Src/fatfs_sd.o
 .debug_macro   0x000000000000111c      0x1df ./Core/Src/fatfs_sd.o
 .debug_macro   0x00000000000012fb       0x1c ./Core/Src/fatfs_sd.o
 .debug_macro   0x0000000000001317       0x22 ./Core/Src/fatfs_sd.o
 .debug_macro   0x0000000000001339       0xbd ./Core/Src/fatfs_sd.o
 .debug_macro   0x00000000000013f6      0xd23 ./Core/Src/fatfs_sd.o
 .debug_macro   0x0000000000002119     0xe09e ./Core/Src/fatfs_sd.o
 .debug_macro   0x00000000000101b7       0x6d ./Core/Src/fatfs_sd.o
 .debug_macro   0x0000000000010224     0x3468 ./Core/Src/fatfs_sd.o
 .debug_macro   0x000000000001368c      0x174 ./Core/Src/fatfs_sd.o
 .debug_macro   0x0000000000013800       0x5c ./Core/Src/fatfs_sd.o
 .debug_macro   0x000000000001385c      0x5be ./Core/Src/fatfs_sd.o
 .debug_macro   0x0000000000013e1a      0x289 ./Core/Src/fatfs_sd.o
 .debug_macro   0x00000000000140a3      0x1cb ./Core/Src/fatfs_sd.o
 .debug_macro   0x000000000001426e      0x114 ./Core/Src/fatfs_sd.o
 .debug_macro   0x0000000000014382      0x1b2 ./Core/Src/fatfs_sd.o
 .debug_macro   0x0000000000014534       0x27 ./Core/Src/fatfs_sd.o
 .debug_macro   0x000000000001455b      0x136 ./Core/Src/fatfs_sd.o
 .debug_macro   0x0000000000014691      0x1bc ./Core/Src/fatfs_sd.o
 .debug_macro   0x000000000001484d       0x34 ./Core/Src/fatfs_sd.o
 .debug_macro   0x0000000000014881       0x3c ./Core/Src/fatfs_sd.o
 .debug_macro   0x00000000000148bd       0x57 ./Core/Src/fatfs_sd.o
 .debug_macro   0x0000000000014914       0x88 ./Core/Src/fatfs_sd.o
 .debug_macro   0x000000000001499c      0x241 ./Core/Src/fatfs_sd.o
 .debug_macro   0x0000000000014bdd      0x141 ./Core/Src/fatfs_sd.o
 .debug_macro   0x0000000000014d1e      0x217 ./Core/Src/fatfs_sd.o
 .debug_macro   0x0000000000014f35      0x279 ./Core/Src/fatfs_sd.o
 .debug_macro   0x00000000000151ae       0x83 ./Core/Src/fatfs_sd.o
 .debug_macro   0x0000000000015231       0x16 ./Core/Src/fatfs_sd.o
 .debug_macro   0x0000000000015247       0x7c ./Core/Src/fatfs_sd.o
 .debug_macro   0x00000000000152c3       0x6a ./Core/Src/fatfs_sd.o
 .debug_macro   0x000000000001532d      0x38c ./Core/Src/main.o
 .debug_macro   0x00000000000156b9       0x28 ./Core/Src/main.o
 .debug_macro   0x00000000000156e1       0xde ./Core/Src/main.o
 .debug_macro   0x00000000000157bf       0xf5 ./Core/Src/main.o
 .debug_macro   0x00000000000158b4       0x8e ./Core/Src/main.o
 .debug_macro   0x0000000000015942       0x52 ./Core/Src/main.o
 .debug_macro   0x0000000000015994       0x18 ./Core/Src/main.o
 .debug_macro   0x00000000000159ac       0x3c ./Core/Src/main.o
 .debug_macro   0x00000000000159e8       0x34 ./Core/Src/main.o
 .debug_macro   0x0000000000015a1c       0x16 ./Core/Src/main.o
 .debug_macro   0x0000000000015a32       0x43 ./Core/Src/main.o
 .debug_macro   0x0000000000015a75       0x34 ./Core/Src/main.o
 .debug_macro   0x0000000000015aa9       0x10 ./Core/Src/main.o
 .debug_macro   0x0000000000015ab9       0x58 ./Core/Src/main.o
 .debug_macro   0x0000000000015b11       0x71 ./Core/Src/main.o
 .debug_macro   0x0000000000015b82       0x1c ./Core/Src/main.o
 .debug_macro   0x0000000000015b9e      0x12a ./Core/Src/main.o
 .debug_macro   0x0000000000015cc8      0x341 ./Core/Src/main.o
 .debug_macro   0x0000000000016009       0x10 ./Core/Src/main.o
 .debug_macro   0x0000000000016019       0x35 ./Core/Src/main.o
 .debug_macro   0x000000000001604e       0x20 ./Core/Src/main.o
 .debug_macro   0x000000000001606e       0x1c ./Core/Src/main.o
 .debug_macro   0x000000000001608a       0x10 ./Core/Src/main.o
 .debug_macro   0x000000000001609a       0x10 ./Core/Src/main.o
 .debug_macro   0x00000000000160aa       0x1c ./Core/Src/main.o
 .debug_macro   0x00000000000160c6       0x52 ./Core/Src/main.o
 .debug_macro   0x0000000000016118       0x22 ./Core/Src/main.o
 .debug_macro   0x000000000001613a       0x10 ./Core/Src/main.o
 .debug_macro   0x000000000001614a       0x52 ./Core/Src/main.o
 .debug_macro   0x000000000001619c       0xd5 ./Core/Src/main.o
 .debug_macro   0x0000000000016271       0x1c ./Core/Src/main.o
 .debug_macro   0x000000000001628d       0x3d ./Core/Src/main.o
 .debug_macro   0x00000000000162ca       0x16 ./Core/Src/main.o
 .debug_macro   0x00000000000162e0      0x145 ./Core/Src/main.o
 .debug_macro   0x0000000000016425      0x1a7 ./Core/Src/stm32f1xx_hal_msp.o
 .debug_macro   0x00000000000165cc      0x1b1 ./Core/Src/stm32f1xx_it.o
 .debug_macro   0x000000000001677d      0x198 ./Core/Src/system_stm32f1xx.o
 .debug_macro   0x0000000000016915      0x1bc ./Drivers/STM32F1xx_HAL_Driver/stm32f1xx_hal.o
 .debug_macro   0x0000000000016ad1      0x198 ./Drivers/STM32F1xx_HAL_Driver/stm32f1xx_hal_cortex.o
 .debug_macro   0x0000000000016c69      0x203 ./Drivers/STM32F1xx_HAL_Driver/stm32f1xx_hal_gpio.o
 .debug_macro   0x0000000000016e6c      0x1aa ./Drivers/STM32F1xx_HAL_Driver/stm32f1xx_hal_rcc.o
 .debug_macro   0x0000000000017016      0x1a0 ./Drivers/STM32F1xx_HAL_Driver/stm32f1xx_hal_spi.o
 .debug_macro   0x00000000000171b6      0x199 ./Drivers/STM32F1xx_HAL_Driver/stm32f1xx_hal_uart.o
 .debug_macro   0x000000000001734f      0x1fa ./FATFS/App/fatfs.o
 .debug_macro   0x0000000000017549       0xd8 ./FATFS/App/fatfs.o
 .debug_macro   0x0000000000017621      0x2af ./FATFS/Target/user_diskio.o
 .debug_macro   0x00000000000178d0       0x56 ./FATFS/Target/user_diskio.o
 .debug_macro   0x0000000000017926      0x1d5 ./Middlewares/FatFs/ccsbcs.o
 .debug_macro   0x0000000000017afb      0x1e7 ./Middlewares/FatFs/diskio.o
 .debug_macro   0x0000000000017ce2      0x42e ./Middlewares/FatFs/ff.o
 .debug_macro   0x0000000000018110       0x58 ./Middlewares/FatFs/ff.o
 .debug_macro   0x0000000000018168      0x1e7 ./Middlewares/FatFs/ff_gen_drv.o

.debug_line     0x0000000000000000     0xfe4a
 .debug_line    0x0000000000000000      0xe3c ./Core/Src/fatfs_sd.o
 .debug_line    0x0000000000000e3c      0xc63 ./Core/Src/main.o
 .debug_line    0x0000000000001a9f      0x82a ./Core/Src/stm32f1xx_hal_msp.o
 .debug_line    0x00000000000022c9      0x841 ./Core/Src/stm32f1xx_it.o
 .debug_line    0x0000000000002b0a      0x7ca ./Core/Src/system_stm32f1xx.o
 .debug_line    0x00000000000032d4       0x87 ./Core/Startup/startup_stm32f103c8tx.o
 .debug_line    0x000000000000335b      0xa2e ./Drivers/STM32F1xx_HAL_Driver/stm32f1xx_hal.o
 .debug_line    0x0000000000003d89      0xc16 ./Drivers/STM32F1xx_HAL_Driver/stm32f1xx_hal_cortex.o
 .debug_line    0x000000000000499f      0xac5 ./Drivers/STM32F1xx_HAL_Driver/stm32f1xx_hal_gpio.o
 .debug_line    0x0000000000005464      0xe3c ./Drivers/STM32F1xx_HAL_Driver/stm32f1xx_hal_rcc.o
 .debug_line    0x00000000000062a0     0x1cb3 ./Drivers/STM32F1xx_HAL_Driver/stm32f1xx_hal_spi.o
 .debug_line    0x0000000000007f53     0x1b09 ./Drivers/STM32F1xx_HAL_Driver/stm32f1xx_hal_uart.o
 .debug_line    0x0000000000009a5c      0x81e ./FATFS/App/fatfs.o
 .debug_line    0x000000000000a27a      0x9a5 ./FATFS/Target/user_diskio.o
 .debug_line    0x000000000000ac1f      0x8bd ./Middlewares/FatFs/ccsbcs.o
 .debug_line    0x000000000000b4dc      0x88f ./Middlewares/FatFs/diskio.o
 .debug_line    0x000000000000bd6b     0x3833 ./Middlewares/FatFs/ff.o
 .debug_line    0x000000000000f59e      0x8ac ./Middlewares/FatFs/ff_gen_drv.o

.debug_str      0x0000000000000000    0x85583
 .debug_str     0x0000000000000000    0x7df45 ./Core/Src/fatfs_sd.o
                                      0x7e2ff (size before relaxing)
 .debug_str     0x000000000007df45     0x4a8d ./Core/Src/main.o
                                      0x82bdd (size before relaxing)
 .debug_str     0x00000000000829d2       0xbb ./Core/Src/stm32f1xx_hal_msp.o
                                      0x7e128 (size before relaxing)
 .debug_str     0x0000000000082a8d       0xe2 ./Core/Src/stm32f1xx_it.o
                                      0x7db6e (size before relaxing)
 .debug_str     0x0000000000082b6f       0x7e ./Core/Src/system_stm32f1xx.o
                                      0x7dac3 (size before relaxing)
 .debug_str     0x0000000000082bed       0x36 ./Core/Startup/startup_stm32f103c8tx.o
                                         0x74 (size before relaxing)
 .debug_str     0x0000000000082c23      0x63e ./Drivers/STM32F1xx_HAL_Driver/stm32f1xx_hal.o
                                      0x7e22d (size before relaxing)
 .debug_str     0x0000000000083261      0x2f2 ./Drivers/STM32F1xx_HAL_Driver/stm32f1xx_hal_cortex.o
                                      0x7e179 (size before relaxing)
 .debug_str     0x0000000000083553      0x31d ./Drivers/STM32F1xx_HAL_Driver/stm32f1xx_hal_gpio.o
                                      0x7de80 (size before relaxing)
 .debug_str     0x0000000000083870      0x260 ./Drivers/STM32F1xx_HAL_Driver/stm32f1xx_hal_rcc.o
                                      0x7df29 (size before relaxing)
 .debug_str     0x0000000000083ad0      0x569 ./Drivers/STM32F1xx_HAL_Driver/stm32f1xx_hal_spi.o
                                      0x7e426 (size before relaxing)
 .debug_str     0x0000000000084039      0x5fb ./Drivers/STM32F1xx_HAL_Driver/stm32f1xx_hal_uart.o
                                      0x7e534 (size before relaxing)
 .debug_str     0x0000000000084634       0x74 ./FATFS/App/fatfs.o
                                      0x7e3de (size before relaxing)
 .debug_str     0x00000000000846a8       0x5a ./FATFS/Target/user_diskio.o
                                      0x8115e (size before relaxing)
 .debug_str     0x0000000000084702       0xa7 ./Middlewares/FatFs/ccsbcs.o
                                      0x7e11a (size before relaxing)
 .debug_str     0x00000000000847a9       0x89 ./Middlewares/FatFs/diskio.o
                                      0x7e33b (size before relaxing)
 .debug_str     0x0000000000084832      0xc89 ./Middlewares/FatFs/ff.o
                                      0x7f1f9 (size before relaxing)
 .debug_str     0x00000000000854bb       0xc8 ./Middlewares/FatFs/ff_gen_drv.o
                                      0x7e38c (size before relaxing)

.comment        0x0000000000000000       0x50
 .comment       0x0000000000000000       0x50 ./Core/Src/fatfs_sd.o
                                         0x51 (size before relaxing)
 .comment       0x0000000000000050       0x51 ./Core/Src/main.o
 .comment       0x0000000000000050       0x51 ./Core/Src/stm32f1xx_hal_msp.o
 .comment       0x0000000000000050       0x51 ./Core/Src/stm32f1xx_it.o
 .comment       0x0000000000000050       0x51 ./Core/Src/system_stm32f1xx.o
 .comment       0x0000000000000050       0x51 ./Drivers/STM32F1xx_HAL_Driver/stm32f1xx_hal.o
 .comment       0x0000000000000050       0x51 ./Drivers/STM32F1xx_HAL_Driver/stm32f1xx_hal_cortex.o
 .comment       0x0000000000000050       0x51 ./Drivers/STM32F1xx_HAL_Driver/stm32f1xx_hal_gpio.o
 .comment       0x0000000000000050       0x51 ./Drivers/STM32F1xx_HAL_Driver/stm32f1xx_hal_rcc.o
 .comment       0x0000000000000050       0x51 ./Drivers/STM32F1xx_HAL_Driver/stm32f1xx_hal_spi.o
 .comment       0x0000000000000050       0x51 ./Drivers/STM32F1xx_HAL_Driver/stm32f1xx_hal_uart.o
 .comment       0x0000000000000050       0x51 ./FATFS/App/fatfs.o
 .comment       0x0000000000000050       0x51 ./FATFS/Target/user_diskio.o
 .comment       0x0000000000000050       0x51 ./Middlewares/FatFs/ccsbcs.o
 .comment       0x0000000000000050       0x51 ./Middlewares/FatFs/diskio.o
 .comment       0x0000000000000050       0x51 ./Middlewares/FatFs/ff.o
 .comment       0x0000000000000050       0x51 ./Middlewares/FatFs/ff_gen_drv.o

.debug_frame    0x0000000000000000     0x2f20
 .debug_frame   0x0000000000000000      0x268 ./Core/Src/fatfs_sd.o
 .debug_frame   0x0000000000000268      0x15c ./Core/Src/main.o
 .debug_frame   0x00000000000003c4       0xc8 ./Core/Src/stm32f1xx_hal_msp.o
 .debug_frame   0x000000000000048c      0x124 ./Core/Src/stm32f1xx_it.o
 .debug_frame   0x00000000000005b0       0x58 ./Core/Src/system_stm32f1xx.o
 .debug_frame   0x0000000000000608      0x334 ./Drivers/STM32F1xx_HAL_Driver/stm32f1xx_hal.o
 .debug_frame   0x000000000000093c      0x428 ./Drivers/STM32F1xx_HAL_Driver/stm32f1xx_hal_cortex.o
 .debug_frame   0x0000000000000d64      0x14c ./Drivers/STM32F1xx_HAL_Driver/stm32f1xx_hal_gpio.o
 .debug_frame   0x0000000000000eb0      0x21c ./Drivers/STM32F1xx_HAL_Driver/stm32f1xx_hal_rcc.o
 .debug_frame   0x00000000000010cc      0x824 ./Drivers/STM32F1xx_HAL_Driver/stm32f1xx_hal_spi.o
 .debug_frame   0x00000000000018f0      0x914 ./Drivers/STM32F1xx_HAL_Driver/stm32f1xx_hal_uart.o
 .debug_frame   0x0000000000002204       0x4c ./FATFS/App/fatfs.o
 .debug_frame   0x0000000000002250       0xc4 ./FATFS/Target/user_diskio.o
 .debug_frame   0x0000000000002314       0x60 ./Middlewares/FatFs/ccsbcs.o
 .debug_frame   0x0000000000002374       0xec ./Middlewares/FatFs/diskio.o
 .debug_frame   0x0000000000002460      0x9ac ./Middlewares/FatFs/ff.o
 .debug_frame   0x0000000000002e0c       0xc8 ./Middlewares/FatFs/ff_gen_drv.o
 .debug_frame   0x0000000000002ed4       0x2c e:/programs/stm32cubeide_1.10.1/stm32cubeide/plugins/com.st.stm32cube.ide.mcu.externaltools.gnu-tools-for-stm32.10.3-2021.10.win32_1.0.0.202111181127/tools/bin/../lib/gcc/arm-none-eabi/10.3.1/../../../../arm-none-eabi/lib/thumb/v7-m/nofp\libc_nano.a(lib_a-init.o)
 .debug_frame   0x0000000000002f00       0x20 e:/programs/stm32cubeide_1.10.1/stm32cubeide/plugins/com.st.stm32cube.ide.mcu.externaltools.gnu-tools-for-stm32.10.3-2021.10.win32_1.0.0.202111181127/tools/bin/../lib/gcc/arm-none-eabi/10.3.1/../../../../arm-none-eabi/lib/thumb/v7-m/nofp\libc_nano.a(lib_a-memset.o)
