10:00:05 **** Incremental Build of configuration Debug for project ADSB_Program ****
make -j16 all 
arm-none-eabi-gcc "../Core/Src/main.c" -mcpu=cortex-m3 -std=gnu11 -g3 -DDEBUG -DUSE_HAL_DRIVER -DSTM32F103xB -c -I../Core/Inc -I../Drivers/STM32F1xx_HAL_Driver/Inc/Legacy -I../Drivers/STM32F1xx_HAL_Driver/Inc -I../Drivers/CMSIS/Device/ST/STM32F1xx/Include -I../Drivers/CMSIS/Include -I../FATFS/Target -I../FATFS/App -I../Middlewares/Third_Party/FatFs/src -O0 -ffunction-sections -fdata-sections -Wall -fstack-usage -MMD -MP -MF"Core/Src/main.d" -MT"Core/Src/main.o" --specs=nano.specs -mfloat-abi=soft -mthumb -o "Core/Src/main.o"
../Core/Src/main.c: In function 'main':
../Core/Src/main.c:149:50: warning: pointer targets in passing argument 2 of 'HAL_UART_Receive' differ in signedness [-Wpointer-sign]
  149 |        bufferADSB[i] = HAL_UART_Receive(&huart3, bufferADSB, sizeof(bufferADSB), 10);
      |                                                  ^~~~~~~~~~
      |                                                  |
      |                                                  char *
In file included from ../Core/Inc/stm32f1xx_hal_conf.h:338,
                 from ../Drivers/STM32F1xx_HAL_Driver/Inc/stm32f1xx_hal.h:30,
                 from ../Core/Inc/main.h:30,
                 from ../Core/Src/main.c:20:
../Drivers/STM32F1xx_HAL_Driver/Inc/stm32f1xx_hal_uart.h:726:72: note: expected 'uint8_t *' {aka 'unsigned char *'} but argument is of type 'char *'
  726 | HAL_StatusTypeDef HAL_UART_Receive(UART_HandleTypeDef *huart, uint8_t *pData, uint16_t Size, uint32_t Timeout);
      |                                                               ~~~~~~~~~^~~~~
../Core/Src/main.c:150:28: warning: multi-character character constant [-Wmultichar]
  150 |        if(bufferADSB[i] == '\r\n')
      |                            ^~~~~~
../Core/Src/main.c:153:31: warning: pointer targets in passing argument 2 of 'HAL_UART_Transmit' differ in signedness [-Wpointer-sign]
  153 |    HAL_UART_Transmit(&huart2, bufferADSB, sizeof(bufferADSB), 10);
      |                               ^~~~~~~~~~
      |                               |
      |                               char *
In file included from ../Core/Inc/stm32f1xx_hal_conf.h:338,
                 from ../Drivers/STM32F1xx_HAL_Driver/Inc/stm32f1xx_hal.h:30,
                 from ../Core/Inc/main.h:30,
                 from ../Core/Src/main.c:20:
../Drivers/STM32F1xx_HAL_Driver/Inc/stm32f1xx_hal_uart.h:725:73: note: expected 'uint8_t *' {aka 'unsigned char *'} but argument is of type 'char *'
  725 | HAL_StatusTypeDef HAL_UART_Transmit(UART_HandleTypeDef *huart, uint8_t *pData, uint16_t Size, uint32_t Timeout);
      |                                                                ~~~~~~~~~^~~~~
arm-none-eabi-gcc -o "ADSB_Program.elf" @"objects.list"   -mcpu=cortex-m3 -T"C:\Users\Alif\Documents\STM32CubeIDE\ADSB_Receiver\ADSB_Program\STM32F103C8TX_FLASH.ld" --specs=nosys.specs -Wl,-Map="ADSB_Program.map" -Wl,--gc-sections -static --specs=nano.specs -mfloat-abi=soft -mthumb -Wl,--start-group -lc -lm -Wl,--end-group
Finished building target: ADSB_Program.elf
 
arm-none-eabi-size   ADSB_Program.elf 
arm-none-eabi-objdump -h -S  ADSB_Program.elf  > "ADSB_Program.list"
   text	   data	    bss	    dec	    hex	filename
  28820	     44	  11676	  40540	   9e5c	ADSB_Program.elf
Finished building: default.size.stdout
 
Finished building: ADSB_Program.list
 

10:00:06 Build Finished. 0 errors, 3 warnings. (took 804ms)

