12:12:29 **** Incremental Build of configuration Debug for project ADSB_Program_Bluepill ****
make -j16 all 
arm-none-eabi-gcc "../Core/Src/main.c" -mcpu=cortex-m3 -std=gnu11 -g3 -DDEBUG -DUSE_HAL_DRIVER -DSTM32F103xB -c -I../Core/Inc -I../Drivers/STM32F1xx_HAL_Driver/Inc/Legacy -I../Drivers/STM32F1xx_HAL_Driver/Inc -I../Drivers/CMSIS/Device/ST/STM32F1xx/Include -I../Drivers/CMSIS/Include -I../FATFS/Target -I../FATFS/App -I../Middlewares/Third_Party/FatFs/src -O0 -ffunction-sections -fdata-sections -Wall -fstack-usage -MMD -MP -MF"Core/Src/main.d" -MT"Core/Src/main.o" --specs=nano.specs -mfloat-abi=soft -mthumb -o "Core/Src/main.o"
../Core/Src/main.c: In function 'main':
../Core/Src/main.c:134:43: warning: pointer targets in passing argument 2 of 'HAL_UART_Receive' differ in signedness [-Wpointer-sign]
  134 |     buffer[i] = HAL_UART_Receive(&huart3, buffer, sizeof(buffer), 10);
      |                                           ^~~~~~
      |                                           |
      |                                           char *
In file included from ../Core/Inc/stm32f1xx_hal_conf.h:338,
                 from ../Drivers/STM32F1xx_HAL_Driver/Inc/stm32f1xx_hal.h:30,
                 from ../Core/Inc/main.h:30,
                 from ../Core/Src/main.c:20:
../Drivers/STM32F1xx_HAL_Driver/Inc/stm32f1xx_hal_uart.h:726:72: note: expected 'uint8_t *' {aka 'unsigned char *'} but argument is of type 'char *'
  726 | HAL_StatusTypeDef HAL_UART_Receive(UART_HandleTypeDef *huart, uint8_t *pData, uint16_t Size, uint32_t Timeout);
      |                                                               ~~~~~~~~~^~~~~
../Core/Src/main.c:135:21: warning: multi-character character constant [-Wmultichar]
  135 |     if(buffer[i] == '\r\n') break;
      |                     ^~~~~~
../Core/Src/main.c:138:31: warning: pointer targets in passing argument 2 of 'HAL_UART_Transmit' differ in signedness [-Wpointer-sign]
  138 |    HAL_UART_Transmit(&huart2, buffer, sizeof(buffer), 10);
      |                               ^~~~~~
      |                               |
      |                               char *
In file included from ../Core/Inc/stm32f1xx_hal_conf.h:338,
                 from ../Drivers/STM32F1xx_HAL_Driver/Inc/stm32f1xx_hal.h:30,
                 from ../Core/Inc/main.h:30,
                 from ../Core/Src/main.c:20:
../Drivers/STM32F1xx_HAL_Driver/Inc/stm32f1xx_hal_uart.h:725:73: note: expected 'uint8_t *' {aka 'unsigned char *'} but argument is of type 'char *'
  725 | HAL_StatusTypeDef HAL_UART_Transmit(UART_HandleTypeDef *huart, uint8_t *pData, uint16_t Size, uint32_t Timeout);
      |                                                                ~~~~~~~~~^~~~~
arm-none-eabi-gcc -o "ADSB_Program_Bluepill.elf" @"objects.list"   -mcpu=cortex-m3 -T"C:\Users\Alif\Documents\STM32CubeIDE\ADSB_Receiver\ADSB_Program_Bluepill\STM32F103C8TX_FLASH.ld" --specs=nosys.specs -Wl,-Map="ADSB_Program_Bluepill.map" -Wl,--gc-sections -static --specs=nano.specs -mfloat-abi=soft -mthumb -Wl,--start-group -lc -lm -Wl,--end-group
Finished building target: ADSB_Program_Bluepill.elf
 
arm-none-eabi-size   ADSB_Program_Bluepill.elf 
arm-none-eabi-objdump -h -S  ADSB_Program_Bluepill.elf  > "ADSB_Program_Bluepill.list"
   text	   data	    bss	    dec	    hex	filename
  28976	     44	  11676	  40696	   9ef8	ADSB_Program_Bluepill.elf
Finished building: default.size.stdout
 
Finished building: ADSB_Program_Bluepill.list
 
12:12:38 **** Incremental Build of configuration Debug for project ADSB_Program_Bluepill ****
make -j16 all 
arm-none-eabi-size   ADSB_Program_Bluepill.elf 
   text	   data	    bss	    dec	    hex	filename
  28976	     44	  11676	  40696	   9ef8	ADSB_Program_Bluepill.elf
Finished building: default.size.stdout
 
